{
    "scaffold_4 - fasta - gff3": {
        "content": [
            {
                "0": [
                    [
                        {
                            "id": "test"
                        },
                        "test.motifs.tsv:md5,b0a99a7a7bf598bbf1e25ca3690567c6"
                    ]
                ],
                "1": [
                    [
                        {
                            "id": "test"
                        },
                        "test.marked.gff3:md5,f464b2e0dc24238e69c3e9e1419c1b3b"
                    ]
                ],
                "2": [
                    "versions.yml:md5,1befbe41bc7abbf49767b8dc68877bc7",
                    "versions.yml:md5,65042e008b2466984150cb219a05291c"
                ],
                "marked_gff3": [
                    [
                        {
                            "id": "test"
                        },
                        "test.marked.gff3:md5,f464b2e0dc24238e69c3e9e1419c1b3b"
                    ]
                ],
                "motifs_tsv": [
                    [
                        {
                            "id": "test"
                        },
                        "test.motifs.tsv:md5,b0a99a7a7bf598bbf1e25ca3690567c6"
                    ]
                ],
                "versions": [
                    "versions.yml:md5,1befbe41bc7abbf49767b8dc68877bc7",
                    "versions.yml:md5,65042e008b2466984150cb219a05291c"
                ]
            }
        ],
        "meta": {
            "nf-test": "0.9.2",
            "nextflow": "24.10.3"
        },
        "timestamp": "2024-12-20T12:00:17.861955"
    }
}