{
    "versions": {
        "content": [
            [
                "versions.yml:md5,7750d61eabaee0cf5c89a4a2fcfcdd11"
            ]
        ],
        "meta": {
            "nf-test": "0.9.2",
            "nextflow": "24.10.5"
        },
        "timestamp": "2025-04-11T13:37:39.360277"
    },
    "stub": {
        "content": [
            {
                "0": [
                    "busco_figure.png:md5,d41d8cd98f00b204e9800998ecf8427e"
                ],
                "1": [
                    "versions.yml:md5,7750d61eabaee0cf5c89a4a2fcfcdd11"
                ],
                "png": [
                    "busco_figure.png:md5,d41d8cd98f00b204e9800998ecf8427e"
                ],
                "versions": [
                    "versions.yml:md5,7750d61eabaee0cf5c89a4a2fcfcdd11"
                ]
            }
        ],
        "meta": {
            "nf-test": "0.9.2",
            "nextflow": "24.10.5"
        },
        "timestamp": "2025-04-11T13:37:50.690109"
    }
}