{
    "Knockout long transcript with short CDS": {
        "content": [
            {
                "0": [
                    [
                        {
                            "id": "test"
                        },
                        "test.passed.gff:md5,a33093410a39dde09385b5ae599b0bc9"
                    ]
                ],
                "1": [
                    [
                        {
                            "id": "test"
                        },
                        "test.failed.gff:md5,07786c2cae48fa668828c41dae118d45"
                    ]
                ],
                "2": [
                    "versions.yml:md5,a3d1e735adde2ea534a2ca079be3c543"
                ],
                "failed_gff": [
                    [
                        {
                            "id": "test"
                        },
                        "test.failed.gff:md5,07786c2cae48fa668828c41dae118d45"
                    ]
                ],
                "passed_gff": [
                    [
                        {
                            "id": "test"
                        },
                        "test.passed.gff:md5,a33093410a39dde09385b5ae599b0bc9"
                    ]
                ],
                "versions": [
                    "versions.yml:md5,a3d1e735adde2ea534a2ca079be3c543"
                ]
            }
        ],
        "meta": {
            "nf-test": "0.9.2",
            "nextflow": "24.10.5"
        },
        "timestamp": "2025-04-07T11:01:04.86992"
    },
    "Knockout one transcript": {
        "content": [
            {
                "0": [
                    [
                        {
                            "id": "test"
                        },
                        "test.passed.gff:md5,05ccb11ad8fcec5cb070ae0e8d5b4091"
                    ]
                ],
                "1": [
                    [
                        {
                            "id": "test"
                        },
                        "test.failed.gff:md5,131fa308127fa6006a86be3b86c574df"
                    ]
                ],
                "2": [
                    "versions.yml:md5,a3d1e735adde2ea534a2ca079be3c543"
                ],
                "failed_gff": [
                    [
                        {
                            "id": "test"
                        },
                        "test.failed.gff:md5,131fa308127fa6006a86be3b86c574df"
                    ]
                ],
                "passed_gff": [
                    [
                        {
                            "id": "test"
                        },
                        "test.passed.gff:md5,05ccb11ad8fcec5cb070ae0e8d5b4091"
                    ]
                ],
                "versions": [
                    "versions.yml:md5,a3d1e735adde2ea534a2ca079be3c543"
                ]
            }
        ],
        "meta": {
            "nf-test": "0.9.2",
            "nextflow": "24.10.5"
        },
        "timestamp": "2025-04-07T11:01:00.710911"
    }
}