{
    "short fasta - error - terminate gracefully": {
        "content": [
            {
                "successful tasks": 0,
                "versions": {
                    "Workflow": {
                        "plant-food-research-open/genepal": "v0.6.1dev"
                    }
                },
                "stable paths": [
                    
                ]
            }
        ],
        "meta": {
            "nf-test": "0.9.2",
            "nextflow": "24.10.5"
        },
        "timestamp": "2025-04-11T12:26:15.565583"
    }
}